sample: 234 basins | cells=(('corr', 1), ('corr_min300', 1)) seeds=50
conditioning every arm on: ['nino34', 'dmi']

=== horizon 1 ===
                  model  horizon  rmse_std     n  placebo_n  placebo_beaten   p_rank  skill_vs_kalman  skill_vs_own_ridge
             kalman_ar1        1  1.048995 19422        NaN             NaN      NaN         0.000000            0.004563
kalman_corr_min300_top1        1  1.049698 19422       50.0            50.0 0.019608        -0.001340            0.003229
       kalman_corr_top1        1  1.049763 19422       50.0            50.0 0.019608        -0.001465            0.003104
       kalman_own_ridge        1  1.051396 19422        NaN             NaN      NaN        -0.004583            0.000000

=== horizon 2 ===
                  model  horizon  rmse_std     n  placebo_n  placebo_beaten   p_rank  skill_vs_kalman  skill_vs_own_ridge
             kalman_ar1        2  1.195358 19188        NaN             NaN      NaN         0.000000            0.013847
       kalman_own_ridge        2  1.203722 19188        NaN             NaN      NaN        -0.014042            0.000000
kalman_corr_min300_top1        2  1.204124 19188       50.0             1.0 0.980392        -0.014719           -0.000668
       kalman_corr_top1        2  1.204315 19188       50.0             1.0 0.980392        -0.015041           -0.000986

=== horizon 3 ===
                  model  horizon  rmse_std     n  placebo_n  placebo_beaten  p_rank  skill_vs_kalman  skill_vs_own_ridge
       kalman_own_ridge        3  1.272635 18954        NaN             NaN     NaN         0.001198            0.000000
             kalman_ar1        3  1.273398 18954        NaN             NaN     NaN         0.000000           -0.001199
kalman_corr_min300_top1        3  1.273676 18954       50.0             0.0     1.0        -0.000437           -0.001636
       kalman_corr_top1        3  1.273860 18954       50.0             0.0     1.0        -0.000726           -0.001926

=== horizon 4 ===
                  model  horizon  rmse_std     n  placebo_n  placebo_beaten  p_rank  skill_vs_kalman  skill_vs_own_ridge
       kalman_own_ridge        4  1.321931 18720        NaN             NaN     NaN         0.021389            0.000000
kalman_corr_min300_top1        4  1.324210 18720       50.0             0.0     1.0         0.018013           -0.003451
       kalman_corr_top1        4  1.324283 18720       50.0             0.0     1.0         0.017904           -0.003561
             kalman_ar1        4  1.336299 18720        NaN             NaN     NaN         0.000000           -0.021857

=== horizon 5 ===
                  model  horizon  rmse_std     n  placebo_n  placebo_beaten  p_rank  skill_vs_kalman  skill_vs_own_ridge
       kalman_own_ridge        5  1.378006 18486        NaN             NaN     NaN         0.024318            0.000000
kalman_corr_min300_top1        5  1.380242 18486       50.0             0.0     1.0         0.021149           -0.003248
       kalman_corr_top1        5  1.380424 18486       50.0             0.0     1.0         0.020891           -0.003512
             kalman_ar1        5  1.395073 18486        NaN             NaN     NaN         0.000000           -0.024924

=== horizon 6 ===
                  model  horizon  rmse_std     n  placebo_n  placebo_beaten  p_rank  skill_vs_kalman  skill_vs_own_ridge
       kalman_own_ridge        6  1.439475 18252        NaN             NaN     NaN         0.012260            0.000000
kalman_corr_min300_top1        6  1.441569 18252       50.0             0.0     1.0         0.009383           -0.002912
       kalman_corr_top1        6  1.441845 18252       50.0             0.0     1.0         0.009005           -0.003295
             kalman_ar1        6  1.448381 18252        NaN             NaN     NaN         0.000000           -0.012412
