sample: 234 basins | cells=(('pred_lag1', 1), ('pred_lag1', 2)) seeds=50

=== horizon 1 ===
                model  horizon  rmse_std     n  placebo_n  placebo_beaten  p_rank  skill_vs_kalman  skill_vs_own_ridge
           kalman_ar1        1  1.048995 19422        NaN             NaN     NaN         0.000000            0.001715
     kalman_own_ridge        1  1.049896 19422        NaN             NaN     NaN        -0.001718            0.000000
kalman_pred_lag1_top1        1  1.056713 19422       50.0             0.0     1.0        -0.014768           -0.013028
kalman_pred_lag1_top2        1  1.062251 19422       50.0             0.0     1.0        -0.025433           -0.023674

=== horizon 2 ===
                model  horizon  rmse_std     n  placebo_n  placebo_beaten  p_rank  skill_vs_kalman  skill_vs_own_ridge
           kalman_ar1        2  1.195358 19188        NaN             NaN     NaN         0.000000            0.009976
     kalman_own_ridge        2  1.201366 19188        NaN             NaN     NaN        -0.010076            0.000000
kalman_pred_lag1_top1        2  1.211306 19188       50.0             0.0     1.0        -0.026860           -0.016616
kalman_pred_lag1_top2        2  1.220648 19188       50.0             0.0     1.0        -0.042761           -0.032358

=== horizon 3 ===
                model  horizon  rmse_std     n  placebo_n  placebo_beaten  p_rank  skill_vs_kalman  skill_vs_own_ridge
     kalman_own_ridge        3  1.270615 18954        NaN             NaN     NaN         0.004367            0.000000
           kalman_ar1        3  1.273398 18954        NaN             NaN     NaN         0.000000           -0.004386
kalman_pred_lag1_top1        3  1.280713 18954       50.0             0.0     1.0        -0.011521           -0.015958
kalman_pred_lag1_top2        3  1.290622 18954       50.0             0.0     1.0        -0.027235           -0.031741

=== horizon 4 ===
                model  horizon  rmse_std     n  placebo_n  placebo_beaten  p_rank  skill_vs_kalman  skill_vs_own_ridge
     kalman_own_ridge        4  1.320441 18720        NaN             NaN     NaN         0.023594            0.000000
kalman_pred_lag1_top1        4  1.330794 18720       50.0             0.0     1.0         0.008223           -0.015742
           kalman_ar1        4  1.336299 18720        NaN             NaN     NaN         0.000000           -0.024164
kalman_pred_lag1_top2        4  1.341703 18720       50.0             0.0     1.0        -0.008104           -0.032463

=== horizon 5 ===
                model  horizon  rmse_std     n  placebo_n  placebo_beaten  p_rank  skill_vs_kalman  skill_vs_own_ridge
     kalman_own_ridge        5  1.376423 18486        NaN             NaN     NaN         0.026558            0.000000
kalman_pred_lag1_top1        5  1.386481 18486       50.0             0.0     1.0         0.012279           -0.014668
           kalman_ar1        5  1.395073 18486        NaN             NaN     NaN         0.000000           -0.027282
kalman_pred_lag1_top2        5  1.398393 18486       50.0             0.0     1.0        -0.004766           -0.032178

=== horizon 6 ===
                model  horizon  rmse_std     n  placebo_n  placebo_beaten  p_rank  skill_vs_kalman  skill_vs_own_ridge
     kalman_own_ridge        6  1.436852 18252        NaN             NaN     NaN         0.015856            0.000000
kalman_pred_lag1_top1        6  1.446670 18252       50.0             0.0     1.0         0.002361           -0.013713
           kalman_ar1        6  1.448381 18252        NaN             NaN     NaN         0.000000           -0.016112
kalman_pred_lag1_top2        6  1.459966 18252       50.0             0.0     1.0        -0.016062           -0.032432
