sample: 234 basins | placebo seeds=20
f1 h1 done
f1 h2 done
f1 h3 done
f2 h1 done
f2 h2 done
f2 h3 done
f3 h1 done
f3 h2 done
f3 h3 done
f4 h1 done
f4 h2 done
f4 h3 done
f5 h1 done
f5 h2 done
f5 h3 done

=== horizon 1 ===
                     model  horizon  rmse_std     n  dm_vs_ridge_twin         dm_p  placebo_n  placebo_beaten   p_rank  dm_vs_no_era5  dm_p_era5  skill_vs_ridge_own
      lstmres_corr_top1_s0        1  1.009993 19422         -8.989546 7.549996e-14       20.0            20.0 0.047619            NaN        NaN            0.074568
    lstm_corr_top1_era5_s0        1  1.011675 19422         -3.927600 1.780134e-04        NaN             NaN      NaN            NaN        NaN            0.071483
      lstmres_corr_top1_s1        1  1.012727 19422         -6.919916 9.169649e-10       20.0            20.0 0.047619            NaN        NaN            0.069551
          lstm_own_era5_s0        1  1.013238 19422         -3.945517 1.671944e-04        NaN             NaN      NaN            NaN        NaN            0.068612
lstmres_nbrin_corr_top1_s0        1  1.014003 19422               NaN          NaN       20.0             5.0 0.761905            NaN        NaN            0.067205
    lstm_corr_top1_era5_s1        1  1.016095 19422         -3.252028 1.664196e-03        NaN             NaN      NaN            NaN        NaN            0.063352
lstmres_nbrin_corr_top1_s1        1  1.016768 19422               NaN          NaN       20.0            15.0 0.285714            NaN        NaN            0.062112
            lstmres_own_s0        1  1.018446 19422         -8.032752 6.017703e-12        NaN             NaN      NaN            NaN        NaN            0.059013
          lstm_own_era5_s1        1  1.018814 19422         -3.043356 3.143248e-03        NaN             NaN      NaN            NaN        NaN            0.058333
      ridge_corr_top1_era5        1  1.023699 19422               NaN          NaN        NaN             NaN      NaN      -4.108084   0.000094            0.049281
            ridge_own_era5        1  1.025353 19422               NaN          NaN        NaN             NaN      NaN      -4.097988   0.000097            0.046206
            lstmres_own_s1        1  1.025414 19422         -4.762362 8.141625e-06        NaN             NaN      NaN            NaN        NaN            0.046094
           ridge_corr_top1        1  1.048280 19422               NaN          NaN        NaN             NaN      NaN            NaN        NaN            0.003076
                kalman_ar1        1  1.048995 19422               NaN          NaN        NaN             NaN      NaN            NaN        NaN            0.001715
                 ridge_own        1  1.049896 19422               NaN          NaN        NaN             NaN      NaN            NaN        NaN            0.000000

=== horizon 2 ===
                     model  horizon  rmse_std     n  dm_vs_ridge_twin         dm_p  placebo_n  placebo_beaten   p_rank  dm_vs_no_era5  dm_p_era5  skill_vs_ridge_own
      lstmres_corr_top1_s0        2  1.167983 19188         -7.955805 9.179576e-12       20.0            20.0 0.047619            NaN        NaN            0.054802
      lstmres_corr_top1_s1        2  1.175804 19188         -4.959441 3.826855e-06       20.0            20.0 0.047619            NaN        NaN            0.042101
          lstm_own_era5_s0        2  1.175832 19188         -6.915158 9.828452e-10        NaN             NaN      NaN            NaN        NaN            0.042057
lstmres_nbrin_corr_top1_s1        2  1.178022 19188               NaN          NaN       20.0            20.0 0.047619            NaN        NaN            0.038484
    lstm_corr_top1_era5_s1        2  1.180907 19188         -6.083799 3.697383e-08        NaN             NaN      NaN            NaN        NaN            0.033768
lstmres_nbrin_corr_top1_s0        2  1.182979 19188               NaN          NaN       20.0            20.0 0.047619            NaN        NaN            0.030376
            lstmres_own_s0        2  1.184330 19188         -4.098584 9.811072e-05        NaN             NaN      NaN            NaN        NaN            0.028159
    lstm_corr_top1_era5_s0        2  1.184353 19188         -3.975504 1.517492e-04        NaN             NaN      NaN            NaN        NaN            0.028122
          lstm_own_era5_s1        2  1.185104 19188         -3.600703 5.455075e-04        NaN             NaN      NaN            NaN        NaN            0.026889
            ridge_own_era5        2  1.192981 19188               NaN          NaN        NaN             NaN      NaN      -1.705297   0.091972            0.013911
      ridge_corr_top1_era5        2  1.193529 19188               NaN          NaN        NaN             NaN      NaN      -1.754265   0.083167            0.013004
            lstmres_own_s1        2  1.193636 19188         -1.386549 1.693840e-01        NaN             NaN      NaN            NaN        NaN            0.012827
                kalman_ar1        2  1.195358 19188               NaN          NaN        NaN             NaN      NaN            NaN        NaN            0.009976
                 ridge_own        2  1.201366 19188               NaN          NaN        NaN             NaN      NaN            NaN        NaN            0.000000
           ridge_corr_top1        2  1.201949 19188               NaN          NaN        NaN             NaN      NaN            NaN        NaN           -0.000971

=== horizon 3 ===
                     model  horizon  rmse_std     n  dm_vs_ridge_twin         dm_p  placebo_n  placebo_beaten   p_rank  dm_vs_no_era5  dm_p_era5  skill_vs_ridge_own
      lstmres_corr_top1_s0        3  1.249672 18954         -5.986380 5.786493e-08       20.0            20.0 0.047619            NaN        NaN            0.032692
      lstmres_corr_top1_s1        3  1.254410 18954         -4.070009 1.096497e-04       20.0            20.0 0.047619            NaN        NaN            0.025343
          lstm_own_era5_s0        3  1.257798 18954         -5.130520 1.976848e-06        NaN             NaN      NaN            NaN        NaN            0.020073
lstmres_nbrin_corr_top1_s1        3  1.260040 18954               NaN          NaN       20.0            20.0 0.047619            NaN        NaN            0.016575
    lstm_corr_top1_era5_s1        3  1.262394 18954         -3.624222 5.077328e-04        NaN             NaN      NaN            NaN        NaN            0.012897
          lstm_own_era5_s1        3  1.263004 18954         -2.334535 2.207629e-02        NaN             NaN      NaN            NaN        NaN            0.011943
lstmres_nbrin_corr_top1_s0        3  1.263065 18954               NaN          NaN       20.0            20.0 0.047619            NaN        NaN            0.011847
    lstm_corr_top1_era5_s0        3  1.264426 18954         -1.980138 5.112619e-02        NaN             NaN      NaN            NaN        NaN            0.009717
            ridge_own_era5        3  1.268513 18954               NaN          NaN        NaN             NaN      NaN      -0.515135   0.607879            0.003305
            lstmres_own_s0        3  1.269292 18954         -0.334370 7.389752e-01        NaN             NaN      NaN            NaN        NaN            0.002080
      ridge_corr_top1_era5        3  1.269669 18954               NaN          NaN        NaN             NaN      NaN      -0.545578   0.586874            0.001488
                 ridge_own        3  1.270615 18954               NaN          NaN        NaN             NaN      NaN            NaN        NaN            0.000000
           ridge_corr_top1        3  1.271831 18954               NaN          NaN        NaN             NaN      NaN            NaN        NaN           -0.001915
                kalman_ar1        3  1.273398 18954               NaN          NaN        NaN             NaN      NaN            NaN        NaN           -0.004386
            lstmres_own_s1        3  1.275432 18954          0.953980 3.429677e-01        NaN             NaN      NaN            NaN        NaN           -0.007598

=== headline contrasts ===
                challenger              reference  horizon  skill_pct  ci_lo_pct  ci_hi_pct  dm_stat   dm_p
          lstm_own_era5_s0         ridge_own_era5        1     2.3492     1.3457     3.5702  -3.9455 0.0002
          lstm_own_era5_s0         ridge_own_era5        2     2.8543     2.1069     3.6178  -6.9152 0.0000
          lstm_own_era5_s0         ridge_own_era5        3     1.6823     1.0500     2.2966  -5.1305 0.0000
      lstmres_corr_top1_s0       lstm_own_era5_s0        1     0.6394     0.3249     0.9850  -4.5590 0.0000
      lstmres_corr_top1_s0       lstm_own_era5_s0        2     1.3305     0.9394     1.8242  -6.4374 0.0000
      lstmres_corr_top1_s0       lstm_own_era5_s0        3     1.2878     0.9865     1.6517  -6.6820 0.0000
      lstmres_corr_top1_s1       lstm_own_era5_s1        1     1.1914     0.9638     1.4724  -9.9727 0.0000
      lstmres_corr_top1_s1       lstm_own_era5_s1        2     1.5632     1.2163     1.9901  -8.0335 0.0000
      lstmres_corr_top1_s1       lstm_own_era5_s1        3     1.3562     1.0297     1.7173  -6.5442 0.0000
      lstmres_corr_top1_s0   ridge_corr_top1_era5        1     2.6598     1.7283     3.7032  -4.9710 0.0000
      lstmres_corr_top1_s0   ridge_corr_top1_era5        2     4.2349     3.4308     5.0702  -9.7349 0.0000
      lstmres_corr_top1_s0   ridge_corr_top1_era5        3     3.1251     2.2772     3.9939  -6.6258 0.0000
    lstm_corr_top1_era5_s0       lstm_own_era5_s0        1     0.3082    -0.2790     0.9530  -0.9748 0.3325
    lstm_corr_top1_era5_s0       lstm_own_era5_s0        2    -1.4547    -2.1241    -0.7869   4.4002 0.0000
    lstm_corr_top1_era5_s0       lstm_own_era5_s0        3    -1.0568    -1.6999    -0.4728   3.3072 0.0014
lstmres_nbrin_corr_top1_s0 lstm_corr_top1_era5_s0        1    -0.4608    -0.6925    -0.2729   4.1617 0.0001
lstmres_nbrin_corr_top1_s0 lstm_corr_top1_era5_s0        2     0.2319     0.0032     0.4739  -2.2460 0.0274
lstmres_nbrin_corr_top1_s0 lstm_corr_top1_era5_s0        3     0.2152    -0.0774     0.5485  -1.3032 0.1962
lstmres_nbrin_corr_top1_s0   ridge_corr_top1_era5        1     1.8853     0.8268     2.9793  -3.4197 0.0010
lstmres_nbrin_corr_top1_s0   ridge_corr_top1_era5        2     1.7601     0.9216     2.5835  -4.4800 0.0000
lstmres_nbrin_corr_top1_s0   ridge_corr_top1_era5        3     1.0375     0.3005     1.8514  -2.5692 0.0121
            lstmres_own_s0       lstm_own_era5_s0        1    -1.0307    -1.4134    -0.6707   6.1723 0.0000
            lstmres_own_s0       lstm_own_era5_s0        2    -1.4507    -1.8655    -1.0990   8.0538 0.0000
            lstmres_own_s0       lstm_own_era5_s0        3    -1.8361    -2.3245    -1.4134   7.2265 0.0000
            lstmres_own_s1       lstm_own_era5_s1        1    -1.2997    -1.7119    -0.9676   7.6529 0.0000
            lstmres_own_s1       lstm_own_era5_s1        2    -1.4451    -1.8501    -1.1231   8.0632 0.0000
            lstmres_own_s1       lstm_own_era5_s1        3    -1.9777    -2.5830    -1.4810   6.6188 0.0000
      lstmres_corr_top1_s0         lstmres_own_s0        1     1.6531     1.0790     2.2799  -6.4098 0.0000
      lstmres_corr_top1_s0         lstmres_own_s0        2     2.7414     2.0710     3.5511  -7.7473 0.0000
      lstmres_corr_top1_s0         lstmres_own_s0        3     3.0676     2.4513     3.8090  -7.6966 0.0000
      lstmres_corr_top1_s1         lstmres_own_s1        1     2.4591     1.9843     3.0805  -9.5055 0.0000
      lstmres_corr_top1_s1         lstmres_own_s1        2     2.9655     2.3567     3.7285  -8.3924 0.0000
      lstmres_corr_top1_s1         lstmres_own_s1        3     3.2692     2.5869     4.0924  -7.3363 0.0000
