loading OFFICIAL CSR mascon geometry ...
  42107 official tiles over the global grid
  tile area km2 percentiles: {1: 3403, 25: 11518, 50: 12123, 75: 13032, 99: 15787}
recovering fingerprint tiles for the cross-check ...
  partition agreement vs official mapping:
 n_official_tiles  n_fingerprint_tiles  cell_weighted_purity_fp_in_off  cell_weighted_purity_off_in_fp  adjusted_rand_index
            42107                42107                             1.0                             1.0                  1.0

contamination official vs fingerprint: Spearman 1.0000, max abs diff 0.0000
area self-consistency (should be 1.0): min=1.000000 max=1.000000

=== h1 neighbor contrast, AREA x CONTAMINATION (2x2, 90k) ===
          area  area_cut contamination  n_basins  skill_pct  dm_stat        p  n_rows
      resolved     90000     cont_high        57      1.161   -2.919 0.004532    4731
      resolved     90000   cont_lowmid       142    -0.4995     1.76  0.08205   11786
sub_resolution     90000     cont_high        21      1.166    -2.76 0.007122    1743
sub_resolution     90000   cont_lowmid        14     0.9127   -2.138  0.03553    1162

=== h1 neighbor contrast, AREA x CONTAMINATION (2x2, 200k = CSR guidance) ===
          area  area_cut contamination  n_basins  skill_pct  dm_stat        p  n_rows
      resolved    200000     cont_high        39      1.099   -2.167  0.03314    3237
      resolved    200000   cont_lowmid       125     -0.801    2.517   0.0138   10375
sub_resolution    200000     cont_high        39      1.222   -3.382 0.001103    3237
sub_resolution    200000   cont_lowmid        31      0.688   -1.931  0.05697    2573

most contaminated keep-basins:
                        name  area_km2  n_eff_tiles  contamination
      C_South_Zambezia_Coast  5879.028        1.281          0.575
      C_West_Black_Sea_Coast 27089.957        6.571          0.504
        C_Yenisey_Gulf_Coast 28055.922        4.805          0.503
     C_Buor_Khaya_Gulf_Coast 10676.271        2.370          0.463
           C_East_Nile_Delta 19289.410        2.594          0.457
            C_La_Plata_Delta 20991.113        2.907          0.405
           C_West_Nile_Delta 20673.873        3.348          0.390
C_Southhampton_Coats_Islands 80740.930        8.858          0.390
         C_South_Amapa_Coast 35625.949        5.136          0.384
          C_Hub_Porali_Basin 36926.984        5.745          0.371
    C_East_Mississippi_Delta 44379.270        6.373          0.361
        C_Beaufort_Sea_Coast 40808.941        6.825          0.331

=== h1 neighbor contrast by AREA cut ===
   split    cut        stratum  n_basins  skill_pct  dm_stat         p  n_rows
area_km2  40000 sub_resolution        15     0.3238  -0.8656    0.3892    1245
area_km2  40000       resolved       219     0.3059   -1.203    0.2323   18177
area_km2  60000 sub_resolution        23     0.9293    -2.99  0.003687    1909
area_km2  60000       resolved       211     0.2074  -0.8177    0.4159   17513
area_km2  80000 sub_resolution        29      1.085   -3.652 0.0004564    2407
area_km2  80000       resolved       205     0.1347  -0.5145    0.6083   17015
area_km2  90000 sub_resolution        35      1.033   -3.544  0.000653    2905
area_km2  90000       resolved       199    0.09934  -0.3662    0.7152   16517
area_km2 100000 sub_resolution        41      1.335   -4.424 2.958e-05    3403
area_km2 100000       resolved       193   -0.04541   0.1714    0.8644   16019
area_km2 120000 sub_resolution        54      1.194   -4.454 2.636e-05    4482
area_km2 120000       resolved       180     -0.143   0.5128    0.6095   14940
area_km2 150000 sub_resolution        58      1.221    -4.15 8.068e-05    4814
area_km2 150000       resolved       176     -0.228   0.7905    0.4315   14608
area_km2 200000 sub_resolution        70     0.9341   -3.459 0.0008639    5810
area_km2 200000       resolved       164    -0.1772   0.6146    0.5405   13612

=== h1 neighbor contrast by MASCON CONTAMINATION ===
                split  cut        stratum  n_basins  skill_pct  dm_stat         p  n_rows
        contamination  0.1   contaminated       121     0.8186    -2.61   0.01076   10043
        contamination  0.1          clean       113    -0.2157    0.688    0.4934    9379
        contamination  0.2   contaminated        32     0.3497  -0.9056    0.3678    2656
        contamination  0.2          clean       202     0.2996   -1.132    0.2608   16766
        contamination  0.3   contaminated        16     0.6535   -1.418      0.16    1328
        contamination  0.3          clean       218     0.2761   -1.095    0.2769   18094
        contamination  0.4   contaminated         6     0.6627   -1.546    0.1261     498
        contamination  0.4          clean       228      0.296    -1.22    0.2259   18924
        contamination  0.5   contaminated         3      1.888   -2.071   0.04151     249
        contamination  0.5          clean       231      0.285    -1.19    0.2374   19173
contamination_tercile  NaN    tercile_low        78    -0.2677   0.7868    0.4337    6474
contamination_tercile  NaN    tercile_mid        78    -0.1777   0.4429     0.659    6474
contamination_tercile  NaN   tercile_high        78      1.163   -3.617 0.0005129    6474
          n_eff_tiles    2  n_eff_tiles<2         3      1.749   -2.381   0.01958     249
          n_eff_tiles    2 n_eff_tiles>=2       231     0.2717   -1.139     0.258   19173

correlation of the two stratifiers (Spearman): -0.325
