sample: 234 basins | placebo seeds=20
f1 h1 done
f1 h2 done
f1 h3 done
f2 h1 done
f2 h2 done
f2 h3 done
f3 h1 done
f3 h2 done
f3 h3 done
f4 h1 done
f4 h2 done
f4 h3 done
f5 h1 done
f5 h2 done
f5 h3 done

=== horizon 1 ===
                 model  horizon  rmse_std     n  placebo_n  placebo_beaten   p_rank  dm_vs_ridge_twin     dm_p  dm_vs_no_era5    dm_p_era5  skill_vs_ridge_own
lstm_corr_top1_era5_s0        1  1.011675 19422       20.0            20.0 0.047619         -3.927600 0.000178      -8.185655 2.994178e-12            0.071483
      lstm_own_era5_s0        1  1.013238 19422        NaN             NaN      NaN         -3.945517 0.000167      -8.838773 1.506392e-13            0.068612
lstm_corr_top1_era5_s1        1  1.016095 19422       20.0            13.0 0.380952         -3.252028 0.001664      -6.172763 2.438711e-08            0.063352
      lstm_own_era5_s1        1  1.018814 19422        NaN             NaN      NaN         -3.043356 0.003143      -5.512621 3.994004e-07            0.058333
  ridge_corr_top1_era5        1  1.023699 19422        NaN             NaN      NaN               NaN      NaN      -4.108084 9.395068e-05            0.049281
        ridge_own_era5        1  1.025353 19422        NaN             NaN      NaN               NaN      NaN      -4.097988 9.741226e-05            0.046206
     lstm_corr_top1_s1        1  1.046382 19422       20.0            20.0 0.047619         -1.584055 0.117031            NaN          NaN            0.006682
           lstm_own_s1        1  1.047339 19422        NaN             NaN      NaN         -2.497047 0.014525            NaN          NaN            0.004864
     lstm_corr_top1_s0        1  1.047717 19422       20.0            19.0 0.095238         -0.393355 0.695078            NaN          NaN            0.004146
       ridge_corr_top1        1  1.048280 19422        NaN             NaN      NaN               NaN      NaN            NaN          NaN            0.003076
            kalman_ar1        1  1.048995 19422        NaN             NaN      NaN               NaN      NaN            NaN          NaN            0.001715
           lstm_own_s0        1  1.049333 19422        NaN             NaN      NaN         -0.548665 0.584726            NaN          NaN            0.001073
             ridge_own        1  1.049896 19422        NaN             NaN      NaN               NaN      NaN            NaN          NaN            0.000000

=== horizon 2 ===
                 model  horizon  rmse_std     n  placebo_n  placebo_beaten   p_rank  dm_vs_ridge_twin         dm_p  dm_vs_no_era5  dm_p_era5  skill_vs_ridge_own
      lstm_own_era5_s0        2  1.175832 19188        NaN             NaN      NaN         -6.915158 9.828452e-10      -4.812274   0.000007            0.042057
lstm_corr_top1_era5_s1        2  1.180907 19188       20.0             6.0 0.714286         -6.083799 3.697383e-08      -4.571455   0.000017            0.033768
lstm_corr_top1_era5_s0        2  1.184353 19188       20.0             2.0 0.904762         -3.975504 1.517492e-04      -3.388374   0.001088            0.028122
      lstm_own_era5_s1        2  1.185104 19188        NaN             NaN      NaN         -3.600703 5.455075e-04      -1.855811   0.067117            0.026889
        ridge_own_era5        2  1.192981 19188        NaN             NaN      NaN               NaN          NaN      -1.705297   0.091972            0.013911
  ridge_corr_top1_era5        2  1.193529 19188        NaN             NaN      NaN               NaN          NaN      -1.754265   0.083167            0.013004
            kalman_ar1        2  1.195358 19188        NaN             NaN      NaN               NaN          NaN            NaN        NaN            0.009976
           lstm_own_s1        2  1.195456 19188        NaN             NaN      NaN         -4.075526 1.065249e-04            NaN        NaN            0.009814
           lstm_own_s0        2  1.196444 19188        NaN             NaN      NaN         -3.571981 5.998052e-04            NaN        NaN            0.008176
     lstm_corr_top1_s0        2  1.200330 19188       20.0             0.0 1.000000         -0.817950 4.157852e-01            NaN        NaN            0.001724
             ridge_own        2  1.201366 19188        NaN             NaN      NaN               NaN          NaN            NaN        NaN            0.000000
       ridge_corr_top1        2  1.201949 19188        NaN             NaN      NaN               NaN          NaN            NaN        NaN           -0.000971
     lstm_corr_top1_s1        2  1.202074 19188       20.0             0.0 1.000000          0.053519 9.574502e-01            NaN        NaN           -0.001179

=== horizon 3 ===
                 model  horizon  rmse_std     n  placebo_n  placebo_beaten   p_rank  dm_vs_ridge_twin     dm_p  dm_vs_no_era5    dm_p_era5  skill_vs_ridge_own
      lstm_own_era5_s0        3  1.257798 18954        NaN             NaN      NaN         -5.130520 0.000002      -4.884226 5.230994e-06            0.020073
lstm_corr_top1_era5_s1        3  1.262394 18954       20.0            10.0 0.523810         -3.624222 0.000508      -6.122455 3.242064e-08            0.012897
      lstm_own_era5_s1        3  1.263004 18954        NaN             NaN      NaN         -2.334535 0.022076      -3.379096 1.126142e-03            0.011943
lstm_corr_top1_era5_s0        3  1.264426 18954       20.0             4.0 0.809524         -1.980138 0.051126      -3.900815 1.985788e-04            0.009717
        ridge_own_era5        3  1.268513 18954        NaN             NaN      NaN               NaN      NaN      -0.515135 6.078795e-01            0.003305
  ridge_corr_top1_era5        3  1.269669 18954        NaN             NaN      NaN               NaN      NaN      -0.545578 5.868739e-01            0.001488
             ridge_own        3  1.270615 18954        NaN             NaN      NaN               NaN      NaN            NaN          NaN            0.000000
       ridge_corr_top1        3  1.271831 18954        NaN             NaN      NaN               NaN      NaN            NaN          NaN           -0.001915
            kalman_ar1        3  1.273398 18954        NaN             NaN      NaN               NaN      NaN            NaN          NaN           -0.004386
           lstm_own_s1        3  1.276048 18954        NaN             NaN      NaN          2.522298 0.013643            NaN          NaN           -0.008571
     lstm_corr_top1_s0        3  1.277657 18954       20.0             7.0 0.666667          2.467322 0.015748            NaN          NaN           -0.011116
           lstm_own_s0        3  1.278644 18954        NaN             NaN      NaN          2.937850 0.004316            NaN          NaN           -0.012678
     lstm_corr_top1_s1        3  1.283568 18954       20.0             0.0 1.000000          3.668530 0.000438            NaN          NaN           -0.020493

=== headline contrasts ===
            challenger            reference  horizon  skill_pct  ci_lo_pct  ci_hi_pct  dm_stat   dm_p
           lstm_own_s0            ridge_own        1     0.1073    -0.2685     0.4537  -0.5487 0.5847
           lstm_own_s0            ridge_own        2     0.8176     0.3871     1.2280  -3.5720 0.0006
           lstm_own_s0            ridge_own        3    -1.2678    -2.1302    -0.5664   2.9379 0.0043
     lstm_corr_top1_s0          lstm_own_s0        1     0.3077    -0.0712     0.7288  -1.4991 0.1377
     lstm_corr_top1_s0          lstm_own_s0        2    -0.6506    -1.4719     0.0586   1.8960 0.0615
     lstm_corr_top1_s0          lstm_own_s0        3     0.1543    -0.2429     0.5176  -0.7724 0.4422
     lstm_corr_top1_s0      ridge_corr_top1        1     0.1073    -0.4884     0.5935  -0.3934 0.6951
     lstm_corr_top1_s0      ridge_corr_top1        2     0.2693    -0.5032     0.9165  -0.8180 0.4158
     lstm_corr_top1_s0      ridge_corr_top1        3    -0.9183    -1.6712    -0.3190   2.4673 0.0157
      lstm_own_era5_s0       ridge_own_era5        1     2.3492     1.3457     3.5702  -3.9455 0.0002
      lstm_own_era5_s0       ridge_own_era5        2     2.8543     2.1069     3.6178  -6.9152 0.0000
      lstm_own_era5_s0       ridge_own_era5        3     1.6823     1.0500     2.2966  -5.1305 0.0000
lstm_corr_top1_era5_s0     lstm_own_era5_s0        1     0.3082    -0.2790     0.9530  -0.9748 0.3325
lstm_corr_top1_era5_s0     lstm_own_era5_s0        2    -1.4547    -2.1241    -0.7869   4.4002 0.0000
lstm_corr_top1_era5_s0     lstm_own_era5_s0        3    -1.0568    -1.6999    -0.4728   3.3072 0.0014
lstm_corr_top1_era5_s0 ridge_corr_top1_era5        1     2.3353     1.2417     3.5491  -3.9276 0.0002
lstm_corr_top1_era5_s0 ridge_corr_top1_era5        2     1.5317     0.7023     2.3269  -3.9755 0.0002
lstm_corr_top1_era5_s0 ridge_corr_top1_era5        3     0.8241     0.0092     1.6235  -1.9801 0.0511
