sample: 234 basins | coupled seeds=50
f1 done
f2 done
f3 done
f4 done
f5 done

=== horizon 1 ===
            model  horizon  rmse_std     n  placebo_n  placebo_beaten   p_rank  dm_vs_kalman     dm_p  skill_ci_lo  skill_ci_hi  skill_vs_kalman
       kalman_ar1        1  1.048995 19422        NaN             NaN      NaN           NaN      NaN          NaN          NaN         0.000000
coupled_corr_top1        1  1.049105 19422       50.0            45.0 0.117647      0.047785 0.962003    -0.007665      0.00969        -0.000209

=== horizon 2 ===
            model  horizon  rmse_std     n  placebo_n  placebo_beaten   p_rank  dm_vs_kalman    dm_p  skill_ci_lo  skill_ci_hi  skill_vs_kalman
       kalman_ar1        2  1.195358 19188        NaN             NaN      NaN           NaN     NaN          NaN          NaN         0.000000
coupled_corr_top1        2  1.195758 19188       50.0            34.0 0.333333      0.224118 0.82323    -0.005568     0.006244        -0.000669

=== horizon 3 ===
            model  horizon  rmse_std     n  placebo_n  placebo_beaten   p_rank  dm_vs_kalman    dm_p  skill_ci_lo  skill_ci_hi  skill_vs_kalman
coupled_corr_top1        3  1.272206 18954       50.0            50.0 0.019608     -0.842212 0.40218    -0.002027     0.006456         0.001872
       kalman_ar1        3  1.273398 18954        NaN             NaN      NaN           NaN     NaN          NaN          NaN         0.000000

=== horizon 4 ===
            model  horizon  rmse_std     n  placebo_n  placebo_beaten   p_rank  dm_vs_kalman     dm_p  skill_ci_lo  skill_ci_hi  skill_vs_kalman
coupled_corr_top1        4  1.335368 18720       50.0            49.0 0.039216     -0.790873 0.431386    -0.001619     0.005012         0.001393
       kalman_ar1        4  1.336299 18720        NaN             NaN      NaN           NaN      NaN          NaN          NaN         0.000000

=== horizon 5 ===
            model  horizon  rmse_std     n  placebo_n  placebo_beaten   p_rank  dm_vs_kalman     dm_p  skill_ci_lo  skill_ci_hi  skill_vs_kalman
coupled_corr_top1        5  1.394814 18486       50.0            45.0 0.117647     -0.255985 0.798637    -0.002029     0.003159         0.000371
       kalman_ar1        5  1.395073 18486        NaN             NaN      NaN           NaN      NaN          NaN          NaN         0.000000

=== horizon 6 ===
            model  horizon  rmse_std     n  placebo_n  placebo_beaten   p_rank  dm_vs_kalman     dm_p  skill_ci_lo  skill_ci_hi  skill_vs_kalman
coupled_corr_top1        6  1.447542 18252       50.0            49.0 0.039216     -1.011349 0.315017    -0.000679     0.003254         0.001157
       kalman_ar1        6  1.448381 18252        NaN             NaN      NaN           NaN      NaN          NaN          NaN         0.000000
