sample: 234 basins | era5 vars=11 | placebo seeds=20
f1 h1 done
f1 h2 done
f1 h3 done
f2 h1 done
f2 h2 done
f2 h3 done
f3 h1 done
f3 h2 done
f3 h3 done
f4 h1 done
f4 h2 done
f4 h3 done
f5 h1 done
f5 h2 done
f5 h3 done

=== horizon 1 ===
                model  horizon  rmse_std     n  dm_vs_ridge_twin         dm_p  placebo_n  placebo_beaten   p_rank  dm_vs_no_era5    dm_p_era5  skill_vs_ridge_own
   gbm_corr_top1_era5        1  1.022721 19422         -0.383881 7.020604e-01       20.0            20.0 0.047619      -7.054733 5.023186e-10            0.051096
 ridge_corr_top1_era5        1  1.023699 19422               NaN          NaN       20.0            20.0 0.047619      -4.108084 9.395068e-05            0.049281
         gbm_own_era5        1  1.024614 19422         -0.295056 7.686969e-01        NaN             NaN      NaN      -7.075735 4.572631e-10            0.047581
       ridge_own_era5        1  1.025353 19422               NaN          NaN        NaN             NaN      NaN      -4.097988 9.741226e-05            0.046206
mlp_corr_top1_era5_s1        1  1.025940 19422          0.640585 5.235785e-01       20.0            17.0 0.190476      -6.153160 2.653990e-08            0.045114
      mlp_own_era5_s0        1  1.028089 19422          1.042136 3.004113e-01        NaN             NaN      NaN      -5.644496 2.306385e-07            0.041110
mlp_corr_top1_era5_s0        1  1.028297 19422          1.425324 1.578591e-01       20.0            14.0 0.333333      -5.643673 2.314345e-07            0.040721
      mlp_own_era5_s1        1  1.028735 19422          1.410376 1.622109e-01        NaN             NaN      NaN      -4.583133 1.621236e-05            0.039904
mlp_corr_top1_era5_s2        1  1.033082 19422          2.797175 6.421699e-03       20.0             4.0 0.809524      -3.675294 4.227136e-04            0.031773
      mlp_own_era5_s2        1  1.034511 19422          3.402361 1.035250e-03        NaN             NaN      NaN      -3.026521 3.304757e-03            0.029093
      ridge_corr_top1        1  1.048280 19422               NaN          NaN       20.0            20.0 0.047619            NaN          NaN            0.003076
           kalman_ar1        1  1.048995 19422               NaN          NaN        NaN             NaN      NaN            NaN          NaN            0.001715
            ridge_own        1  1.049896 19422               NaN          NaN        NaN             NaN      NaN            NaN          NaN            0.000000
        gbm_corr_top1        1  1.053568 19422          5.068056 2.441843e-06        NaN             NaN      NaN            NaN          NaN           -0.007008
     mlp_corr_top1_s2        1  1.054251 19422          5.429349 5.634058e-07        NaN             NaN      NaN            NaN          NaN           -0.008314
              gbm_own        1  1.056081 19422          6.366948 1.050195e-08        NaN             NaN      NaN            NaN          NaN           -0.011816
     mlp_corr_top1_s0        1  1.056486 19422          6.781701 1.694818e-09        NaN             NaN      NaN            NaN          NaN           -0.012593
     mlp_corr_top1_s1        1  1.056908 19422          4.170578 7.501444e-05        NaN             NaN      NaN            NaN          NaN           -0.013402
           mlp_own_s1        1  1.057166 19422          5.100363 2.145653e-06        NaN             NaN      NaN            NaN          NaN           -0.013897
           mlp_own_s2        1  1.057851 19422          4.997741 3.231281e-06        NaN             NaN      NaN            NaN          NaN           -0.015212
           mlp_own_s0        1  1.059513 19422          4.984213 3.409499e-06        NaN             NaN      NaN            NaN          NaN           -0.018405

=== horizon 2 ===
                model  horizon  rmse_std     n  dm_vs_ridge_twin         dm_p  placebo_n  placebo_beaten   p_rank  dm_vs_no_era5    dm_p_era5  skill_vs_ridge_own
   gbm_corr_top1_era5        2  1.186855 19188         -2.404536 1.847442e-02       20.0            20.0 0.047619      -6.309768 1.397467e-08            0.024011
         gbm_own_era5        2  1.189420 19188         -1.519816 1.324513e-01        NaN             NaN      NaN      -4.922281 4.429983e-06            0.019788
       ridge_own_era5        2  1.192981 19188               NaN          NaN        NaN             NaN      NaN      -1.705297 9.197152e-02            0.013911
 ridge_corr_top1_era5        2  1.193529 19188               NaN          NaN       20.0             0.0 1.000000      -1.754265 8.316708e-02            0.013004
           kalman_ar1        2  1.195358 19188               NaN          NaN        NaN             NaN      NaN            NaN          NaN            0.009976
            ridge_own        2  1.201366 19188               NaN          NaN        NaN             NaN      NaN            NaN          NaN            0.000000
mlp_corr_top1_era5_s0        2  1.201856 19188          2.335052 2.201627e-02       20.0            13.0 0.380952      -1.501822 1.370317e-01           -0.000816
      ridge_corr_top1        2  1.201949 19188               NaN          NaN       20.0             0.0 1.000000            NaN          NaN           -0.000971
mlp_corr_top1_era5_s2        2  1.202805 19188          3.209630 1.905631e-03       20.0            12.0 0.428571      -1.236258 2.199354e-01           -0.002397
      mlp_own_era5_s1        2  1.203133 19188          3.803667 2.753850e-04        NaN             NaN      NaN      -1.434833 1.551846e-01           -0.002945
              gbm_own        2  1.207065 19188          7.976095 8.372872e-12        NaN             NaN      NaN            NaN          NaN           -0.009510
        gbm_corr_top1        2  1.207621 19188          5.504548 4.230912e-07        NaN             NaN      NaN            NaN          NaN           -0.010441
     mlp_corr_top1_s0        2  1.208031 19188          5.701305 1.867430e-07        NaN             NaN      NaN            NaN          NaN           -0.011127
      mlp_own_era5_s0        2  1.208141 19188          4.412843 3.116639e-05        NaN             NaN      NaN      -0.518549 6.054888e-01           -0.011311
     mlp_corr_top1_s1        2  1.209571 19188          6.449088 7.630122e-09        NaN             NaN      NaN            NaN          NaN           -0.013706
     mlp_corr_top1_s2        2  1.209948 19188          5.814269 1.161999e-07        NaN             NaN      NaN            NaN          NaN           -0.014339
      mlp_own_era5_s2        2  1.209957 19188          4.677822 1.144891e-05        NaN             NaN      NaN      -0.053832 9.572012e-01           -0.014353
mlp_corr_top1_era5_s1        2  1.210024 19188          4.529382 2.013815e-05       20.0             3.0 0.857143       0.067090 9.466754e-01           -0.014465
           mlp_own_s2        2  1.210326 19188          7.963904 8.848697e-12        NaN             NaN      NaN            NaN          NaN           -0.014972
           mlp_own_s1        2  1.210641 19188          6.844100 1.346334e-09        NaN             NaN      NaN            NaN          NaN           -0.015500
           mlp_own_s0        2  1.211833 19188          6.935041 8.998849e-10        NaN             NaN      NaN            NaN          NaN           -0.017501

=== horizon 3 ===
                model  horizon  rmse_std     n  dm_vs_ridge_twin         dm_p  placebo_n  placebo_beaten   p_rank  dm_vs_no_era5  dm_p_era5  skill_vs_ridge_own
       ridge_own_era5        3  1.268513 18954               NaN          NaN        NaN             NaN      NaN      -0.515135   0.607879            0.003305
   gbm_corr_top1_era5        3  1.269661 18954         -0.003209 9.974480e-01       20.0            20.0 0.047619      -3.816163   0.000266            0.001500
 ridge_corr_top1_era5        3  1.269669 18954               NaN          NaN       20.0             0.0 1.000000      -0.545578   0.586874            0.001488
            ridge_own        3  1.270615 18954               NaN          NaN        NaN             NaN      NaN            NaN        NaN            0.000000
      ridge_corr_top1        3  1.271831 18954               NaN          NaN       20.0             0.0 1.000000            NaN        NaN           -0.001915
         gbm_own_era5        3  1.273025 18954          2.126310 3.656026e-02        NaN             NaN      NaN      -2.212148   0.029808           -0.003798
           kalman_ar1        3  1.273398 18954               NaN          NaN        NaN             NaN      NaN            NaN        NaN           -0.004386
              gbm_own        3  1.280378 18954          7.209148 2.805022e-10        NaN             NaN      NaN            NaN        NaN           -0.015427
        gbm_corr_top1        3  1.281282 18954          6.965076 8.280465e-10        NaN             NaN      NaN            NaN        NaN           -0.016862
mlp_corr_top1_era5_s0        3  1.281833 18954          5.179202 1.626824e-06       20.0            10.0 0.523810      -0.543550   0.588263           -0.017736
     mlp_corr_top1_s2        3  1.281851 18954          6.800638 1.709604e-09        NaN             NaN      NaN            NaN        NaN           -0.017765
mlp_corr_top1_era5_s2        3  1.282577 18954          4.303002 4.730199e-05       20.0             7.0 0.666667       0.132540   0.894890           -0.018918
           mlp_own_s0        3  1.283641 18954          5.917127 7.757827e-08        NaN             NaN      NaN            NaN        NaN           -0.020609
     mlp_corr_top1_s0        3  1.284662 18954          5.947967 6.809283e-08        NaN             NaN      NaN            NaN        NaN           -0.022233
      mlp_own_era5_s1        3  1.284805 18954          3.767078 3.142560e-04        NaN             NaN      NaN      -0.155751   0.876621           -0.022461
           mlp_own_s2        3  1.285256 18954          5.779290 1.385568e-07        NaN             NaN      NaN            NaN        NaN           -0.023179
     mlp_corr_top1_s1        3  1.285459 18954          7.943322 1.044300e-11        NaN             NaN      NaN            NaN        NaN           -0.023502
           mlp_own_s1        3  1.285947 18954          4.914993 4.637852e-06        NaN             NaN      NaN            NaN        NaN           -0.024279
mlp_corr_top1_era5_s1        3  1.287039 18954          4.868120 5.570370e-06       20.0             3.0 0.857143       0.313471   0.754739           -0.026020
      mlp_own_era5_s0        3  1.288305 18954          4.188619 7.170217e-05        NaN             NaN      NaN       0.666570   0.506965           -0.028039
      mlp_own_era5_s2        3  1.288608 18954          3.149931 2.297006e-03        NaN             NaN      NaN       0.379772   0.705121           -0.028524

=== headline contrasts ===
          challenger            reference  horizon  skill_pct  ci_lo_pct  ci_hi_pct  dm_stat   dm_p
      ridge_own_era5            ridge_own        1     4.6206     1.9098     6.8385  -4.0980 0.0001
      ridge_own_era5            ridge_own        2     1.3911    -0.4797     2.9757  -1.7053 0.0920
      ridge_own_era5            ridge_own        3     0.3305    -0.8991     1.4791  -0.5151 0.6079
        gbm_own_era5       ridge_own_era5        1     0.1441    -0.8759     1.1198  -0.2951 0.7687
        gbm_own_era5       ridge_own_era5        2     0.5960    -0.2036     1.3944  -1.5198 0.1325
        gbm_own_era5       ridge_own_era5        3    -0.7127    -1.3443    -0.0830   2.1263 0.0366
     mlp_own_era5_s0       ridge_own_era5        1    -0.5343    -1.6580     0.4550   1.0421 0.3004
     mlp_own_era5_s0       ridge_own_era5        2    -2.5578    -3.7347    -1.4291   4.4128 0.0000
     mlp_own_era5_s0       ridge_own_era5        3    -3.1448    -4.5369    -1.8820   4.1886 0.0001
     ridge_corr_top1            ridge_own        1     0.3076    -0.0876     0.8242  -1.2962 0.1986
     ridge_corr_top1            ridge_own        2    -0.0971    -0.6189     0.5036   0.3625 0.7179
     ridge_corr_top1            ridge_own        3    -0.1915    -0.7173     0.3470   0.7088 0.4805
ridge_corr_top1_era5       ridge_own_era5        1     0.3224    -0.0407     0.7563  -1.5927 0.1151
ridge_corr_top1_era5       ridge_own_era5        2    -0.0920    -0.5298     0.4428   0.4056 0.6861
ridge_corr_top1_era5       ridge_own_era5        3    -0.1823    -0.6607     0.3237   0.7354 0.4642
ridge_corr_top1_era5      ridge_corr_top1        1     4.6347     1.8290     6.8360  -4.1081 0.0001
ridge_corr_top1_era5      ridge_corr_top1        2     1.3962    -0.4429     2.9378  -1.7543 0.0832
ridge_corr_top1_era5      ridge_corr_top1        3     0.3396    -0.8803     1.4492  -0.5456 0.5869
  gbm_corr_top1_era5 ridge_corr_top1_era5        1     0.1909    -0.8595     1.1495  -0.3839 0.7021
  gbm_corr_top1_era5 ridge_corr_top1_era5        2     1.1153     0.1371     2.0595  -2.4045 0.0185
  gbm_corr_top1_era5 ridge_corr_top1_era5        3     0.0012    -0.7255     0.7176  -0.0032 0.9974
