python.exe : Traceback (most recent call last):
At line:1 char:426
+ ... TEXITCODE"; & $py scripts\run_phase6_basin_analysis.py *> results\rer ...
+                 ~~~~~~~~~~~~~~~~~~~~~~~~~~~~~~~~~~~~~~~~~~~~~~~~~~~~~~~~~
    + CategoryInfo          : NotSpecified: (Traceback (most recent call last)::String) [], RemoteException
    + FullyQualifiedErrorId : NativeCommandError
 
  File "C:\Users\ishaa\OneDrive\Documents\grace\scripts\run_phase6_basin_analysis.py", line 341, in <module>
    main()
  File "C:\Users\ishaa\OneDrive\Documents\grace\scripts\run_phase6_basin_analysis.py", line 254, in main
    cov = build_covariates()
          ^^^^^^^^^^^^^^^^^^
  File "C:\Users\ishaa\OneDrive\Documents\grace\scripts\run_phase6_basin_analysis.py", line 90, in build_covariates
    coup = pd.read_csv(OUT / "phase5_coupled_coupling.csv")
           ^^^^^^^^^^^^^^^^^^^^^^^^^^^^^^^^^^^^^^^^^^^^^^^^
  File "C:\Users\ishaa\OneDrive\Documents\grace\.venv\Lib\site-packages\pandas\io\parsers\readers.py", line 873, in 
read_csv
    return _read(filepath_or_buffer, kwds)
           ^^^^^^^^^^^^^^^^^^^^^^^^^^^^^^^
  File "C:\Users\ishaa\OneDrive\Documents\grace\.venv\Lib\site-packages\pandas\io\parsers\readers.py", line 300, in 
_read
    parser = TextFileReader(filepath_or_buffer, **kwds)
             ^^^^^^^^^^^^^^^^^^^^^^^^^^^^^^^^^^^^^^^^^^
  File "C:\Users\ishaa\OneDrive\Documents\grace\.venv\Lib\site-packages\pandas\io\parsers\readers.py", line 1645, in 
__init__
    self._engine = self._make_engine(f, self.engine)
                   ^^^^^^^^^^^^^^^^^^^^^^^^^^^^^^^^^
  File "C:\Users\ishaa\OneDrive\Documents\grace\.venv\Lib\site-packages\pandas\io\parsers\readers.py", line 1904, in 
_make_engine
    self.handles = get_handle(
                   ^^^^^^^^^^^
  File "C:\Users\ishaa\OneDrive\Documents\grace\.venv\Lib\site-packages\pandas\io\common.py", line 930, in get_handle
    handle = open(
             ^^^^^
FileNotFoundError: [Errno 2] No such file or directory: 
'C:\\Users\\ishaa\\OneDrive\\Documents\\grace\\results\\phase5_coupled_coupling.csv'
