sample: 234 basins | placebo seeds=20
f1 h4 done
f1 h5 done
f1 h6 done
f2 h4 done
f2 h5 done
f2 h6 done
f3 h4 done
f3 h5 done
f3 h6 done
f4 h4 done
f4 h5 done
f4 h6 done
f5 h4 done
f5 h5 done
f5 h6 done

=== horizon 4 ===
                     model  horizon  rmse_std     n  dm_vs_ridge_twin     dm_p  placebo_n  placebo_beaten   p_rank  dm_vs_no_era5  dm_p_era5  skill_vs_ridge_own
      lstmres_corr_top1_s0        4  1.307261 18720         -5.262932 0.000001       20.0            20.0 0.047619            NaN        NaN            0.019863
      lstmres_corr_top1_s1        4  1.308441 18720         -4.493388 0.000024       20.0            20.0 0.047619            NaN        NaN            0.018094
          lstm_own_era5_s0        4  1.315547 18720         -3.966076 0.000160        NaN             NaN      NaN            NaN        NaN            0.007400
          lstm_own_era5_s1        4  1.317488 18720         -2.199119 0.030794        NaN             NaN      NaN            NaN        NaN            0.004467
lstmres_nbrin_corr_top1_s1        4  1.317890 18720               NaN      NaN       20.0            20.0 0.047619            NaN        NaN            0.003860
    lstm_corr_top1_era5_s1        4  1.319769 18720         -1.282996 0.203245        NaN             NaN      NaN            NaN        NaN            0.001017
lstmres_nbrin_corr_top1_s0        4  1.320238 18720               NaN      NaN       20.0            20.0 0.047619            NaN        NaN            0.000308
                 ridge_own        4  1.320441 18720               NaN      NaN        NaN             NaN      NaN            NaN        NaN            0.000000
            ridge_own_era5        4  1.321346 18720               NaN      NaN        NaN             NaN      NaN       0.213463   0.831516           -0.001371
    lstm_corr_top1_era5_s0        4  1.321384 18720         -1.073392 0.286363        NaN             NaN      NaN            NaN        NaN           -0.001428
           ridge_corr_top1        4  1.322802 18720               NaN      NaN        NaN             NaN      NaN            NaN        NaN           -0.003580
      ridge_corr_top1_era5        4  1.324023 18720               NaN      NaN        NaN             NaN      NaN       0.288431   0.773772           -0.005433
            lstmres_own_s0        4  1.328831 18720          2.120985 0.037059        NaN             NaN      NaN            NaN        NaN           -0.012748
            lstmres_own_s1        4  1.332119 18720          2.556740 0.012481        NaN             NaN      NaN            NaN        NaN           -0.017767
                kalman_ar1        4  1.336299 18720               NaN      NaN        NaN             NaN      NaN            NaN        NaN           -0.024164

=== horizon 5 ===
                     model  horizon  rmse_std     n  dm_vs_ridge_twin     dm_p  placebo_n  placebo_beaten   p_rank  dm_vs_no_era5  dm_p_era5  skill_vs_ridge_own
      lstmres_corr_top1_s0        5  1.367364 18486         -3.264842 0.001628       20.0            20.0 0.047619            NaN        NaN            0.013120
      lstmres_corr_top1_s1        5  1.375542 18486         -0.995187 0.322723       20.0            20.0 0.047619            NaN        NaN            0.001280
                 ridge_own        5  1.376423 18486               NaN      NaN        NaN             NaN      NaN            NaN        NaN            0.000000
lstmres_nbrin_corr_top1_s0        5  1.377527 18486               NaN      NaN       20.0            20.0 0.047619            NaN        NaN           -0.001604
          lstm_own_era5_s0        5  1.377822 18486         -1.443068 0.153006        NaN             NaN      NaN            NaN        NaN           -0.002034
           ridge_corr_top1        5  1.378822 18486               NaN      NaN        NaN             NaN      NaN            NaN        NaN           -0.003488
            ridge_own_era5        5  1.380052 18486               NaN      NaN        NaN             NaN      NaN       0.868271   0.387910           -0.005280
    lstm_corr_top1_era5_s0        5  1.381385 18486         -0.697820 0.487365        NaN             NaN      NaN            NaN        NaN           -0.007222
      ridge_corr_top1_era5        5  1.382920 18486               NaN      NaN        NaN             NaN      NaN       0.979107   0.330554           -0.009462
lstmres_nbrin_corr_top1_s1        5  1.384102 18486               NaN      NaN       20.0            20.0 0.047619            NaN        NaN           -0.011189
          lstm_own_era5_s1        5  1.384444 18486          1.732699 0.087101        NaN             NaN      NaN            NaN        NaN           -0.011688
    lstm_corr_top1_era5_s1        5  1.386140 18486          0.806569 0.422367        NaN             NaN      NaN            NaN        NaN           -0.014168
            lstmres_own_s0        5  1.389957 18486          3.377439 0.001144        NaN             NaN      NaN            NaN        NaN           -0.019761
                kalman_ar1        5  1.395073 18486               NaN      NaN        NaN             NaN      NaN            NaN        NaN           -0.027282
            lstmres_own_s1        5  1.397816 18486          3.928922 0.000183        NaN             NaN      NaN            NaN        NaN           -0.031325

=== horizon 6 ===
                     model  horizon  rmse_std     n  dm_vs_ridge_twin     dm_p  placebo_n  placebo_beaten   p_rank  dm_vs_no_era5  dm_p_era5  skill_vs_ridge_own
      lstmres_corr_top1_s0        6  1.428204 18252         -3.383697 0.001127       20.0            20.0 0.047619            NaN        NaN            0.012000
      lstmres_corr_top1_s1        6  1.431678 18252         -2.015177 0.047376       20.0            20.0 0.047619            NaN        NaN            0.007188
                 ridge_own        6  1.436852 18252               NaN      NaN        NaN             NaN      NaN            NaN        NaN            0.000000
lstmres_nbrin_corr_top1_s0        6  1.437915 18252               NaN      NaN       20.0            20.0 0.047619            NaN        NaN           -0.001481
           ridge_corr_top1        6  1.439154 18252               NaN      NaN        NaN             NaN      NaN            NaN        NaN           -0.003208
          lstm_own_era5_s0        6  1.441943 18252         -0.291911 0.771140        NaN             NaN      NaN            NaN        NaN           -0.007099
            ridge_own_era5        6  1.442411 18252               NaN      NaN        NaN             NaN      NaN       1.578953   0.118446           -0.007753
lstmres_nbrin_corr_top1_s1        6  1.443533 18252               NaN      NaN       20.0            20.0 0.047619            NaN        NaN           -0.009322
    lstm_corr_top1_era5_s0        6  1.443912 18252         -0.404650 0.686856        NaN             NaN      NaN            NaN        NaN           -0.009851
      ridge_corr_top1_era5        6  1.445197 18252               NaN      NaN        NaN             NaN      NaN       1.702612   0.092675           -0.011649
          lstm_own_era5_s1        6  1.445733 18252          1.591419 0.115613        NaN             NaN      NaN            NaN        NaN           -0.012400
                kalman_ar1        6  1.448381 18252               NaN      NaN        NaN             NaN      NaN            NaN        NaN           -0.016112
    lstm_corr_top1_era5_s1        6  1.449637 18252          0.969542 0.335311        NaN             NaN      NaN            NaN        NaN           -0.017876
            lstmres_own_s1        6  1.455303 18252          4.251931 0.000059        NaN             NaN      NaN            NaN        NaN           -0.025847
            lstmres_own_s0        6  1.458456 18252          5.139198 0.000002        NaN             NaN      NaN            NaN        NaN           -0.030298

=== headline contrasts ===
                challenger              reference  horizon  skill_pct  ci_lo_pct  ci_hi_pct  dm_stat   dm_p
          lstm_own_era5_s0         ridge_own_era5        4     0.8758     0.5292     1.2698  -3.9661 0.0002
          lstm_own_era5_s0         ridge_own_era5        5     0.3229    -0.0741     0.7496  -1.4431 0.1530
          lstm_own_era5_s0         ridge_own_era5        6     0.0648    -0.3501     0.4901  -0.2919 0.7711
      lstmres_corr_top1_s0       lstm_own_era5_s0        4     1.2556     0.9041     1.6760  -5.7574 0.0000
      lstmres_corr_top1_s0       lstm_own_era5_s0        5     1.5123     1.2464     1.8460  -7.6390 0.0000
      lstmres_corr_top1_s0       lstm_own_era5_s0        6     1.8965     1.6124     2.2482  -9.6438 0.0000
      lstmres_corr_top1_s1       lstm_own_era5_s1        4     1.3688     0.9953     1.7849  -5.7791 0.0000
      lstmres_corr_top1_s1       lstm_own_era5_s1        5     1.2818     0.8887     1.6756  -5.0480 0.0000
      lstmres_corr_top1_s1       lstm_own_era5_s1        6     1.9349     1.5444     2.3633  -6.0864 0.0000
      lstmres_corr_top1_s0   ridge_corr_top1_era5        4     2.5159     1.9595     3.1468  -6.6012 0.0000
      lstmres_corr_top1_s0   ridge_corr_top1_era5        5     2.2370     1.7201     2.8739  -5.8513 0.0000
      lstmres_corr_top1_s0   ridge_corr_top1_era5        6     2.3377     1.7515     2.9868  -5.6166 0.0000
    lstm_corr_top1_era5_s0       lstm_own_era5_s0        4    -0.8894    -1.3024    -0.4567   3.6527 0.0005
    lstm_corr_top1_era5_s0       lstm_own_era5_s0        5    -0.5177    -0.8719    -0.1201   2.2673 0.0261
    lstm_corr_top1_era5_s0       lstm_own_era5_s0        6    -0.2733    -0.9488     0.3230   0.6071 0.5456
lstmres_nbrin_corr_top1_s0 lstm_corr_top1_era5_s0        4     0.1734    -0.0197     0.3728  -1.6233 0.1085
lstmres_nbrin_corr_top1_s0 lstm_corr_top1_era5_s0        5     0.5577     0.3081     0.8004  -3.6018 0.0006
lstmres_nbrin_corr_top1_s0 lstm_corr_top1_era5_s0        6     0.8289     0.5736     1.1353  -4.4033 0.0000
lstmres_nbrin_corr_top1_s0   ridge_corr_top1_era5        4     0.5710     0.0416     1.1555  -1.6404 0.1049
lstmres_nbrin_corr_top1_s0   ridge_corr_top1_era5        5     0.7784     0.3723     1.2642  -2.8214 0.0061
lstmres_nbrin_corr_top1_s0   ridge_corr_top1_era5        6     1.0051     0.4770     1.5402  -2.8855 0.0051
            lstmres_own_s0       lstm_own_era5_s0        4    -2.0298    -2.5820    -1.5757   6.5836 0.0000
            lstmres_own_s0       lstm_own_era5_s0        5    -1.7691    -2.3125    -1.3587   5.2396 0.0000
            lstmres_own_s0       lstm_own_era5_s0        6    -2.3035    -2.8655    -1.8676   5.8702 0.0000
            lstmres_own_s1       lstm_own_era5_s1        4    -2.2334    -2.8990    -1.6268   5.5139 0.0000
            lstmres_own_s1       lstm_own_era5_s1        5    -1.9410    -2.4515    -1.4928   5.7379 0.0000
            lstmres_own_s1       lstm_own_era5_s1        6    -1.3282    -1.5643    -1.1248   8.4868 0.0000
      lstmres_corr_top1_s0         lstmres_own_s0        4     3.2201     2.5416     3.9934  -7.3107 0.0000
      lstmres_corr_top1_s0         lstmres_own_s0        5     3.2244     2.6379     3.9979  -6.4977 0.0000
      lstmres_corr_top1_s0         lstmres_own_s0        6     4.1054     3.5485     4.7812  -8.1691 0.0000
      lstmres_corr_top1_s1         lstmres_own_s1        4     3.5235     2.8462     4.3845  -6.9944 0.0000
      lstmres_corr_top1_s1         lstmres_own_s1        5     3.1615     2.4257     3.9596  -5.7846 0.0000
      lstmres_corr_top1_s1         lstmres_own_s1        6     3.2203     2.7470     3.7645  -8.1476 0.0000
