sample: 234 basins | placebo seeds=2
f1 h1 done

=== horizon 1 ===
                     model  horizon  rmse_std    n  dm_vs_ridge_twin     dm_p  placebo_n  placebo_beaten   p_rank  dm_vs_no_era5  dm_p_era5  skill_vs_ridge_own
      lstmres_corr_top1_s0        1  0.986643 3978         -7.440841 0.000001        2.0             2.0 0.333333            NaN        NaN            0.099580
          lstm_own_era5_s0        1  0.992091 3978         -1.203722 0.246205        NaN             NaN      NaN            NaN        NaN            0.089609
      ridge_corr_top1_era5        1  0.992441 3978               NaN      NaN        NaN             NaN      NaN      -6.078305   0.000016            0.088965
    lstm_corr_top1_era5_s0        1  0.992462 3978          0.006010 0.995279        NaN             NaN      NaN            NaN        NaN            0.088928
            ridge_own_era5        1  0.994345 3978               NaN      NaN        NaN             NaN      NaN      -5.758735   0.000029            0.085467
lstmres_nbrin_corr_top1_s0        1  0.995103 3978               NaN      NaN        2.0             2.0 0.333333            NaN        NaN            0.084072
            lstmres_own_s0        1  1.002296 3978         -4.605980 0.000292        NaN             NaN      NaN            NaN        NaN            0.070783
                kalman_ar1        1  1.037249 3978               NaN      NaN        NaN             NaN      NaN            NaN        NaN            0.004844
           ridge_corr_top1        1  1.038059 3978               NaN      NaN        NaN             NaN      NaN            NaN        NaN            0.003288
                 ridge_own        1  1.039770 3978               NaN      NaN        NaN             NaN      NaN            NaN        NaN            0.000000

=== headline contrasts ===
                challenger              reference  horizon  skill_pct  ci_lo_pct  ci_hi_pct  dm_stat   dm_p
          lstm_own_era5_s0         ridge_own_era5        1     0.4529    -0.3390     1.0984  -1.2037 0.2462
      lstmres_corr_top1_s0       lstm_own_era5_s0        1     1.0952     0.8164     1.3937  -5.6883 0.0000
      lstmres_corr_top1_s0   ridge_corr_top1_era5        1     1.1652     0.3477     1.5736  -2.9641 0.0091
    lstm_corr_top1_era5_s0       lstm_own_era5_s0        1    -0.0748    -0.6846     1.1000   0.1374 0.8924
lstmres_nbrin_corr_top1_s0 lstm_corr_top1_era5_s0        1    -0.5329    -1.1004    -0.0646   1.7843 0.0933
lstmres_nbrin_corr_top1_s0   ridge_corr_top1_era5        1    -0.5370    -1.9711     0.9430   0.6645 0.5158
            lstmres_own_s0       lstm_own_era5_s0        1    -2.0678    -2.7721    -1.1925   4.4457 0.0004
      lstmres_corr_top1_s0         lstmres_own_s0        1     3.0990     1.9932     4.0594  -4.8779 0.0002
